
Mait@Mai-Surface CLANGARM64 /c/Users
$ cd /c/Users/mtaka/git_challenge

Mait@Mai-Surface CLANGARM64 ~/git_challenge (main)
$ git init
Reinitialized existing Git repository in C:/Users/mtaka/git_challenge/.git/

Mait@Mai-Surface CLANGARM64 ~/git_challenge (main)
$ git add hello_world.txt

Mait@Mai-Surface CLANGARM64 ~/git_challenge (main)
$ git commit -m hello_world.txtを追加
[main 9224dcb] hello_world.txtを追加
 1 file changed, 2 insertions(+), 1 deletion(-)

Mait@Mai-Surface CLANGARM64 ~/git_challenge (main)
$ git add .

Mait@Mai-Surface CLANGARM64 ~/git_challenge (main)
$ git commit -m 日本語訳を追加
[main 970ec0d] 日本語訳を追加
 1 file changed, 1 insertion(+), 1 deletion(-)

Mait@Mai-Surface CLANGARM64 /c/users/mtaka/git_challenge (main)
$ git log --oneline
970ec0d (HEAD -> main) 日本語訳を追加
9224dcb hello_world.txtを追加


